1 - Sun Nov 23 13:44:38 2025 - Opened CSV file
2 - Sun Nov 23 13:44:39 2025 - New sensor value inserted
3 - Sun Nov 23 13:44:39 2025 - New sensor value inserted
4 - Sun Nov 23 13:44:39 2025 - New sensor value inserted
5 - Sun Nov 23 13:44:44 2025 - New sensor value inserted
6 - Sun Nov 23 13:44:44 2025 - Closed CSV file
7 - Sun Nov 23 13:44:44 2025 - SHUTDOWN
1 - Sun Nov 23 13:44:53 2025 - Opened CSV file
2 - Sun Nov 23 13:44:54 2025 - New sensor value inserted
3 - Sun Nov 23 13:44:54 2025 - New sensor value inserted
4 - Sun Nov 23 13:44:54 2025 - New sensor value inserted
5 - Sun Nov 23 13:44:59 2025 - New sensor value inserted
6 - Sun Nov 23 13:44:59 2025 - Closed CSV file
7 - Sun Nov 23 13:44:59 2025 - SHUTDOWN
1 - Sun Nov 23 13:45:21 2025 - Opened CSV file
2 - Sun Nov 23 13:45:22 2025 - New sensor value inserted
3 - Sun Nov 23 13:45:23 2025 - New sensor value inserted
4 - Sun Nov 23 13:45:24 2025 - New sensor value inserted
5 - Sun Nov 23 13:45:25 2025 - New sensor value inserted
6 - Sun Nov 23 13:45:25 2025 - New sensor value inserted
7 - Sun Nov 23 13:45:25 2025 - New sensor value inserted
8 - Sun Nov 23 13:45:25 2025 - New sensor value inserted
9 - Sun Nov 23 13:45:25 2025 - New sensor value inserted
10 - Sun Nov 23 13:45:25 2025 - New sensor value inserted
11 - Sun Nov 23 13:45:25 2025 - New sensor value inserted
12 - Sun Nov 23 13:45:25 2025 - New sensor value inserted
13 - Sun Nov 23 13:45:25 2025 - New sensor value inserted
14 - Sun Nov 23 13:45:25 2025 - New sensor value inserted
15 - Sun Nov 23 13:45:26 2025 - New sensor value inserted
16 - Sun Nov 23 13:45:26 2025 - New sensor value inserted
17 - Sun Nov 23 13:45:26 2025 - New sensor value inserted
18 - Sun Nov 23 13:45:26 2025 - New sensor value inserted
19 - Sun Nov 23 13:45:27 2025 - New sensor value inserted
20 - Sun Nov 23 13:45:27 2025 - New sensor value inserted
21 - Sun Nov 23 13:45:27 2025 - New sensor value inserted
22 - Sun Nov 23 13:45:28 2025 - New sensor value inserted
23 - Sun Nov 23 13:45:28 2025 - New sensor value inserted
24 - Sun Nov 23 13:45:28 2025 - New sensor value inserted
25 - Sun Nov 23 13:45:28 2025 - New sensor value inserted
26 - Sun Nov 23 13:45:28 2025 - New sensor value inserted
27 - Sun Nov 23 13:45:28 2025 - New sensor value inserted
28 - Sun Nov 23 13:45:28 2025 - New sensor value inserted
29 - Sun Nov 23 13:45:28 2025 - New sensor value inserted
30 - Sun Nov 23 13:45:28 2025 - New sensor value inserted
31 - Sun Nov 23 13:45:28 2025 - New sensor value inse
32 - Sun Nov 23 13:45:28 2025 - rted
33 - Sun Nov 23 13:45:28 2025 - Closed CSV file
34 - Sun Nov 23 13:45:28 2025 - SHUTDOWN
1 - Sun Nov 23 13:48:11 2025 - Opened CSV file
2 - Sun Nov 23 13:48:12 2025 - New sensor value inserted
3 - Sun Nov 23 13:48:13 2025 - New sensor value inserted
4 - Sun Nov 23 13:48:14 2025 - New sensor value inserted
5 - Sun Nov 23 13:48:15 2025 - New sensor value inserted
6 - Sun Nov 23 13:48:15 2025 - New sensor value inserted
7 - Sun Nov 23 13:48:15 2025 - New sensor value inserted
8 - Sun Nov 23 13:48:15 2025 - New sensor value inserted
9 - Sun Nov 23 13:48:15 2025 - New sensor value inserted
10 - Sun Nov 23 13:48:15 2025 - New sensor value inserted
11 - Sun Nov 23 13:48:15 2025 - New sensor value inserted
12 - Sun Nov 23 13:48:15 2025 - New sensor value inserted
13 - Sun Nov 23 13:48:15 2025 - New sensor value inserted
14 - Sun Nov 23 13:48:16 2025 - New sensor value inserted
15 - Sun Nov 23 13:48:16 2025 - New sensor value inserted
16 - Sun Nov 23 13:48:16 2025 - New sensor value inserted
17 - Sun Nov 23 13:48:16 2025 - New sensor value inserted
18 - Sun Nov 23 13:48:17 2025 - New sensor value inserted
19 - Sun Nov 23 13:48:17 2025 - New sensor value inserted
20 - Sun Nov 23 13:48:18 2025 - New sensor value inserted
21 - Sun Nov 23 13:48:18 2025 - New sensor value inserted
22 - Sun Nov 23 13:48:18 2025 - New sensor value inserted
23 - Sun Nov 23 13:48:18 2025 - New sensor value inserted
24 - Sun Nov 23 13:48:18 2025 - New sensor value inserted
25 - Sun Nov 23 13:48:18 2025 - New sensor value inserted
26 - Sun Nov 23 13:48:18 2025 - New sensor value inserted
27 - Sun Nov 23 13:48:18 2025 - New sensor value inserted
28 - Sun Nov 23 13:48:18 2025 - New sensor value inserted
29 - Sun Nov 23 13:48:18 2025 - New sensor value inserted
30 - Sun Nov 23 13:48:18 2025 - New sensor value inserted
31 - Sun Nov 23 13:48:18 2025 - New sensor value inserted
32 - Sun Nov 23 13:48:18 2025 - Closed CSV file
33 - Sun Nov 23 13:48:18 2025 - SHUTDOWN
